// Vitest Snapshot v1, https://vitest.dev/guide/snapshot.html

exports[`renders one mount per island 1`] = `
<div
  data-v-app=""
>
  
  <module-dialog-stub
    open="false"
    title=""
  />
  
  <island-mount-stub
    active="false"
    focused="false"
    name="ext.example.one"
  />
  <island-mount-stub
    active="false"
    focused="false"
    name="ext.example.two"
  />
  
  
</div>
`;
