// Vitest Snapshot v1, https://vitest.dev/guide/snapshot.html

exports[`mount component 1`] = `
<div>
  <!--v-if-->
  <!--v-if-->
  <div>
    <div
      aria-disabled="false"
      aria-hidden="true"
      aria-label="⧼personal-dashboard-risky-article-edits-progress-bar-aria-label⧽"
      class="cdx-progress-bar cdx-progress-bar--inline cdx-progress-bar--enabled"
      role="progressbar"
    >
      <div
        class="cdx-progress-bar__bar"
      />
    </div>
  </div>
  <!--v-if-->
  <!--v-if-->
  <!--v-if-->
</div>
`;
