// Vitest Snapshot v1, https://vitest.dev/guide/snapshot.html

exports[`mount component 1`] = `
<span
  class="cdx-card personal-dashboard-review-changes__card"
  data-feedorigin="recentchanges"
  newlen="0"
  ns="0"
  oldlen="0"
  rcid="0"
  tags="test"
  type="TestType"
>
  <!--v-if-->
  <span
    class="cdx-card__text"
  >
    <span
      class="cdx-card__text__title"
    >
      
      
    </span>
    <span
      class="cdx-card__text__description"
    >
      
      <div
        class="personal-dashboard-review-changes__card__container"
      >
        <a
          aria-label="⧼personal-dashboard-risky-article-edits-list-card-aria-label⧽"
          class="personal-dashboard-review-changes__card__link"
          href="/w/index.php?title=TestTitle&curid=8675309&diff=0&oldid=0"
          target="_blank"
        />
        <div
          class="personal-dashboard-review-changes__card__header"
        >
          <a
            class="personal-dashboard-review-changes__card__title"
            href="/wiki/TestTitle"
            target="_blank"
          >
            TestTitle
          </a>
          <div
            class="personal-dashboard-review-changes__card__description"
          >
            a description
          </div>
        </div>
        <div
          class="personal-dashboard-review-changes__card__subheader"
        >
          <div
            class="personal-dashboard-review-changes__card__icon"
          >
            <span
              class="cdx-icon cdx-icon--small"
            >
              <svg
                aria-hidden="true"
                height="20"
                viewBox="0 0 20 20"
                width="20"
                xmlns="http://www.w3.org/2000/svg"
              >
                <!--v-if-->
                <g>
                  <path
                    d="M12 11a6 6 0 016 6v2H2v-2a6 6 0 016-6z"
                  />
                  <circle
                    cx="10"
                    cy="5"
                    r="4"
                  />
                </g>
              </svg>
            </span>
          </div>
          <a
            class="personal-dashboard-review-changes__card__username"
            href="/wiki/User:TestUser"
            target="_blank"
          >
            TestUser
          </a>
          <div
            class="personal-dashboard-review-changes__card__separator"
          >
             ⋅ 
          </div>
          <div
            class="personal-dashboard-review-changes__card__timestamp"
          >
            in 2 hours
          </div>
        </div>
        <div
          class="personal-dashboard-review-changes__card__summary"
        >
          TestComment
        </div>
      </div>
      
    </span>
    <!--v-if-->
  </span>
</span>
`;
