// Vitest Snapshot v1, https://vitest.dev/guide/snapshot.html

exports[`mount component 1`] = `
<a
  class="cdx-card cdx-card--is-link ext-personal-dashboard-moderation-card"
  data-feedorigin="recentchanges"
  href="/w/index.php?title=TestTitle&curid=8675309&diff=0&oldid=0"
  ns="0"
  rcid="0"
  tags="test"
  target="_blank"
  type="TestType"
>
  <!--v-if-->
  <span
    class="cdx-card__text"
  >
    <span
      class="cdx-card__text__title"
    >
      
      
    </span>
    <span
      class="cdx-card__text__description"
    >
      
      <div
        class="ext-personal-dashboard-moderation-card-info"
      >
        <div
          class="ext-personal-dashboard-moderation-card-info-title-row"
        >
          <span
            class="ext-personal-dashboard-moderation-card-info-title"
          >
            TestTitle
          </span>
          <span
            class="ext-personal-dashboard-moderation-card-info-description"
          >
            a description
          </span>
          <span
            class="ext-personal-dashboard-moderation-card-info-title-row-additional"
          >
            in 2 months
          </span>
        </div>
        <div
          class="ext-personal-dashboard-moderation-card-info-title-row"
        >
          <span
            class="ext-personal-dashboard-moderation-card-info-change-number-none"
          >
            0
          </span>
          <span
            class="ext-personal-dashboard-moderation-card-separator"
          >
            ∙
          </span>
          <div
            class="ext-personal-dashboard-moderation-card-comment"
          >
            TestComment
          </div>
        </div>
        <div
          class="ext-personal-dashboard-moderation-card-info-title-row"
        >
          
          <a
            class="cdx-link mw-userlink"
            href="/wiki/User:TestUser"
            target="_blank"
          >
            TestUser
          </a>
          <!--v-if-->
          
        </div>
      </div>
      
    </span>
    <!--v-if-->
  </span>
</a>
`;
