// Vitest Snapshot v1, https://vitest.dev/guide/snapshot.html

exports[`mount component 1`] = `
<a
  class="cdx-card cdx-card--is-link personal-dashboard-review-changes__card"
  data-feedorigin="recentchanges"
  href="/w/index.php?title=TestTitle&curid=8675309&diff=0&oldid=0"
  newlen="0"
  ns="0"
  oldlen="0"
  rcid="0"
  role="button"
  tags="test"
  target="_blank"
  type="TestType"
>
  <!--v-if-->
  <span
    class="cdx-card__text"
  >
    <span
      class="cdx-card__text__title"
    >
      
      
    </span>
    <span
      class="cdx-card__text__description"
    >
      
      <div
        class="personal-dashboard-review-changes__card__container"
      >
        <div
          class="personal-dashboard-review-changes__card__header"
        >
          <div
            class="personal-dashboard-review-changes__card__title"
          >
            TestTitle
          </div>
          <div
            class="personal-dashboard-review-changes__card__description"
          >
            a description
          </div>
        </div>
        <div
          class="personal-dashboard-review-changes__card__subheader"
        >
          <div
            class="personal-dashboard-review-changes__card__icon"
          >
            <span
              class="cdx-icon cdx-icon--small"
            >
              <svg
                aria-hidden="true"
                height="20"
                viewBox="0 0 20 20"
                width="20"
                xmlns="http://www.w3.org/2000/svg"
              >
                <!--v-if-->
                <g>
                  <path
                    d="M10 11c-5.92 0-8 3-8 5v3h16v-3c0-2-2.08-5-8-5"
                  />
                  <circle
                    cx="10"
                    cy="5.5"
                    r="4.5"
                  />
                </g>
              </svg>
            </span>
          </div>
          <div
            class="personal-dashboard-review-changes__card__username"
          >
            TestUser
          </div>
          <div
            class="personal-dashboard-review-changes__card__separator"
          >
             ⋅ 
          </div>
          <div
            class="personal-dashboard-review-changes__card__timestamp"
          >
            in 2 hours
          </div>
        </div>
        <div
          class="personal-dashboard-review-changes__card__summary"
        >
          TestComment
        </div>
      </div>
      
    </span>
    <!--v-if-->
  </span>
</a>
`;
