// Vitest Snapshot v1, https://vitest.dev/guide/snapshot.html

exports[`mount component 1`] = `
<a
  class="cdx-card cdx-card--is-link ext-personal-dashboard-moderation-card"
  href="TestTitle"
  target="_blank"
>
  <!--v-if-->
  <span
    class="cdx-card__text"
  >
    <span
      class="cdx-card__text__title"
    >
      
      
    </span>
    <span
      class="cdx-card__text__description"
    >
      
      <div
        class="ext-personal-dashboard-moderation-card-info"
      >
        <div
          class="ext-personal-dashboard-moderation-card-info-title-row"
        >
          <span
            class="ext-personal-dashboard-moderation-card-info-title"
          >
            TestTitle
          </span>
          <span
            class="ext-personal-dashboard-moderation-card-info-description"
          />
          <span
            class="ext-personal-dashboard-moderation-card-info-title-row-additional"
          >
            13 November 2025
          </span>
        </div>
        <div
          class="ext-personal-dashboard-moderation-card-info-title-row"
        >
          <span>
            <span
              class="ext-personal-dashboard-moderation-card-info-change-number-none"
            >
              0
            </span>
            <span>
              ∙
            </span>
             TestComment
          </span>
        </div>
        <div
          class="ext-personal-dashboard-moderation-card-info-title-row"
        >
          
          <a
            class="cdx-link mw-userlink"
            href="User:TestUser"
            target="_blank"
          >
            TestUser
          </a>
          <!--v-if-->
          
          <span
            class="ext-personal-dashboard-moderation-card-info-title-row-additional"
          />
        </div>
      </div>
      
    </span>
    <!--v-if-->
  </span>
</a>
`;
